creating revision file
ref: e0e2f21877d4dd826bc21af3bc8bf0f0b273846d written to file: REVISION
