Config File ".ci" Not Found in "[/Users/raphael.benitte/go/src/github.com/rande/gitlab-ci-helper/cli]"
list-environments
