creating environment my env
Successfully created env my env (id: 1)
