Error: âœ˜ unable to determine project id
Usage:
  gitlab-ci-helper environments add NAME URL [flags]

Flags:
  -h, --help   help for add

Global Flags:
      --api-path string     gitlab api path
                            default to env var: GITLAB_API_PATH
                            or 'api_path' key in config file if exists,
                            otherwise: '/api/v4'
  -c, --config string       config file (default is .ci.yaml)
      --host string         gitlab host
                            default to env var: GITLAB_HOST
                            or 'host' key in config file if exists
      --no-color            disable color output
  -p, --project-id string   project id
                            default to environment variable: CI_PROJECT_ID
      --token string        gitlab token
                            default to env var: GITLAB_TOKEN
                            or 'token' key in config file if exists
  -v, --verbose             enable verbose mode

