removing env 3 from project 1
âœ” successfully removed env
