Config File ".ci" Not Found in "[/Users/raphael.benitte/go/src/github.com/rande/gitlab-ci-helper/cli]"
list-environments
 >    1 - dev              - http://dev-api.fake.io
 >    2 - staging          - http://staging-api.fake.io
 >    3 - prod             - http://prod-api.fake.io
 >    4 - preprod          - 
 >    5 - prod             - http://api.fake.io
